// Jest Snapshot v1, https://goo.gl/fbAQLP

exports[`renders correctly 1`] = `
<div
  className="calculator-app"
>
  <h2>
    Let's do some math!
  </h2>
  <div
    className="calculator-grid"
  >
    <div
      className="output"
    >
      <div
        className="operand"
        onChange={[Function]}
      >
        0
      </div>
    </div>
    <button
      onClick={[Function]}
      type="button"
      value="AC"
    >
      AC
    </button>
    <button
      onClick={[Function]}
      type="button"
      value="+/-"
    >
      +/-
    </button>
    <button
      onClick={[Function]}
      type="button"
      value="%"
    >
      %
    </button>
    <button
      className="color-btn"
      onClick={[Function]}
      type="button"
      value="รท"
    >
      รท
    </button>
    <button
      onClick={[Function]}
      type="button"
      value="7"
    >
      7
    </button>
    <button
      onClick={[Function]}
      type="button"
      value="8"
    >
      8
    </button>
    <button
      onClick={[Function]}
      type="button"
      value="9"
    >
      9
    </button>
    <button
      className="color-btn"
      onClick={[Function]}
      type="button"
      value="x"
    >
      x
    </button>
    <button
      onClick={[Function]}
      type="button"
      value="4"
    >
      4
    </button>
    <button
      onClick={[Function]}
      type="button"
      value="5"
    >
      5
    </button>
    <button
      onClick={[Function]}
      type="button"
      value="6"
    >
      6
    </button>
    <button
      className="color-btn"
      onClick={[Function]}
      type="button"
      value="-"
    >
      -
    </button>
    <button
      onClick={[Function]}
      type="button"
      value="1"
    >
      1
    </button>
    <button
      onClick={[Function]}
      type="button"
      value="2"
    >
      2
    </button>
    <button
      onClick={[Function]}
      type="button"
      value="3"
    >
      3
    </button>
    <button
      className="color-btn"
      onClick={[Function]}
      type="button"
      value="+"
    >
      +
    </button>
    <button
      className="span-two-border"
      onClick={[Function]}
      type="button"
      value="0"
    >
      0
    </button>
    <button
      onClick={[Function]}
      type="button"
      value="."
    >
      .
    </button>
    <button
      className="bottom-right-btn"
      onClick={[Function]}
      type="button"
      value="="
    >
      =
    </button>
  </div>
</div>
`;
